this one has stuff in it
this one does too
this one does as well and should get printed too
